<?xml version="1.0" encoding="UTF-8"?>
<testsuites name="jest tests" tests="1" failures="0" errors="0" time="0.525">
  <testsuite name="undefined" errors="0" failures="0" skipped="0" timestamp="2023-11-16T07:56:08" time="0.447" tests="1">
    <testcase classname=" example test" name=" example test" time="0.003">
    </testcase>
  </testsuite>
</testsuites>